// Jest Snapshot v1, https://goo.gl/fbAQLP

exports[`RoundedButton component renders correctly 1`] = `
<View
  accessibilityComponentType={undefined}
  accessibilityLabel={undefined}
  accessibilityTraits={undefined}
  accessible={true}
  collapsable={undefined}
  hitSlop={undefined}
  isTVSelectable={true}
  nativeID={undefined}
  onLayout={undefined}
  onResponderGrant={[Function]}
  onResponderMove={[Function]}
  onResponderRelease={[Function]}
  onResponderTerminate={[Function]}
  onResponderTerminationRequest={[Function]}
  onStartShouldSetResponder={[Function]}
  style={
    Object {
      "backgroundColor": "#3b5998",
      "borderRadius": 5,
      "height": 45,
      "justifyContent": "center",
      "marginHorizontal": 25,
      "marginVertical": 10,
      "opacity": 1,
    }
  }
  testID={undefined}
  tvParallaxProperties={undefined}
>
  <Text
    accessible={true}
    allowFontScaling={true}
    ellipsizeMode="tail"
    style={
      Object {
        "color": "white",
        "fontSize": 14,
        "fontWeight": "bold",
        "marginVertical": 10,
        "textAlign": "center",
      }
    }
  >
    HOWDY
  </Text>
</View>
`;

exports[`RoundedButton component with children renders correctly 1`] = `
<View
  accessibilityComponentType={undefined}
  accessibilityLabel={undefined}
  accessibilityTraits={undefined}
  accessible={true}
  collapsable={undefined}
  hitSlop={undefined}
  isTVSelectable={true}
  nativeID={undefined}
  onLayout={undefined}
  onResponderGrant={[Function]}
  onResponderMove={[Function]}
  onResponderRelease={[Function]}
  onResponderTerminate={[Function]}
  onResponderTerminationRequest={[Function]}
  onStartShouldSetResponder={[Function]}
  style={
    Object {
      "backgroundColor": "#3b5998",
      "borderRadius": 5,
      "height": 45,
      "justifyContent": "center",
      "marginHorizontal": 25,
      "marginVertical": 10,
      "opacity": 1,
    }
  }
  testID={undefined}
  tvParallaxProperties={undefined}
>
  <Text
    accessible={true}
    allowFontScaling={true}
    ellipsizeMode="tail"
    style={
      Object {
        "color": "white",
        "fontSize": 14,
        "fontWeight": "bold",
        "marginVertical": 10,
        "textAlign": "center",
      }
    }
  >
    HOWDY
  </Text>
</View>
`;
